// Jest Snapshot v1, https://goo.gl/fbAQLP

exports[`name is correct 1`] = `[Function]`;

exports[`name is correct 2`] = `[Function]`;
